should match snapshot of default values:
  1: |
    apiVersion: apps/v1
    kind: Deployment
    metadata:
      labels:
        app.kubernetes.io/component: controller
        app.kubernetes.io/instance: RELEASE-NAME
        app.kubernetes.io/managed-by: Helm
        app.kubernetes.io/name: powerdns-operator
        app.kubernetes.io/version: 0.4.2
        helm.sh/chart: powerdns-operator-0.4.2
      name: RELEASE-NAME-powerdns-operator
      namespace: NAMESPACE
    spec:
      replicas: 1
      selector:
        matchLabels:
          app.kubernetes.io/instance: RELEASE-NAME
          app.kubernetes.io/name: powerdns-operator
      template:
        metadata:
          labels:
            app.kubernetes.io/component: controller
            app.kubernetes.io/instance: RELEASE-NAME
            app.kubernetes.io/managed-by: Helm
            app.kubernetes.io/name: powerdns-operator
            app.kubernetes.io/version: 0.4.2
            helm.sh/chart: powerdns-operator-0.4.2
        spec:
          containers:
            - args:
                - --leader-elect
                - --health-probe-bind-address=:8081
                - --metrics-bind-address=:8080
              command:
                - /manager
              envFrom:
                - secretRef:
                    name: powerdns-api-credentials
              image: ghcr.io/orange-opensource/powerdns-operator:v0.4.2
              imagePullPolicy: IfNotPresent
              livenessProbe:
                httpGet:
                  path: /healthz
                  port: 8081
                initialDelaySeconds: 15
                periodSeconds: 20
              name: powerdns-operator
              ports:
                - containerPort: 8080
                  name: http-metrics
                  protocol: TCP
              readinessProbe:
                httpGet:
                  path: /readyz
                  port: 8081
                initialDelaySeconds: 5
                periodSeconds: 10
              resources:
                limits:
                  cpu: 500m
                  memory: 128Mi
                requests:
                  cpu: 10m
                  memory: 64Mi
              securityContext:
                allowPrivilegeEscalation: false
                capabilities:
                  drop:
                    - ALL
                readOnlyRootFilesystem: true
                runAsNonRoot: true
                runAsUser: 1000
                seccompProfile:
                  type: RuntimeDefault
          dnsPolicy: ClusterFirst
          hostNetwork: false
          securityContext:
            runAsNonRoot: true
          serviceAccountName: RELEASE-NAME-powerdns-operator
          terminationGracePeriodSeconds: 10
