should match snapshot of default values:
  1: |
    apiVersion: v1
    kind: Service
    metadata:
      labels:
        app.kubernetes.io/instance: RELEASE-NAME
        app.kubernetes.io/managed-by: Helm
        app.kubernetes.io/name: powerdns-operator
        app.kubernetes.io/version: 0.2.0
        helm.sh/chart: powerdns-operator-0.2.0
      name: RELEASE-NAME-powerdns-operator-metrics
      namespace: NAMESPACE
    spec:
      ports:
        - name: http-metrics
          port: 8080
          protocol: TCP
          targetPort: http-metrics
      selector:
        app.kubernetes.io/instance: RELEASE-NAME
        app.kubernetes.io/name: powerdns-operator
      type: ClusterIP
