should match snapshot of default values:
  1: |
    apiVersion: rbac.authorization.k8s.io/v1
    kind: Role
    metadata:
      labels:
        app.kubernetes.io/instance: RELEASE-NAME
        app.kubernetes.io/managed-by: Helm
        app.kubernetes.io/name: powerdns-operator
        app.kubernetes.io/version: 0.4.2
        helm.sh/chart: powerdns-operator-0.4.2
      name: RELEASE-NAME-powerdns-operator-leader-election-role
      namespace: NAMESPACE
    rules:
      - apiGroups:
          - ""
        resources:
          - configmaps
        verbs:
          - get
          - list
          - watch
          - create
          - update
          - patch
          - delete
      - apiGroups:
          - coordination.k8s.io
        resources:
          - leases
        verbs:
          - get
          - list
          - watch
          - create
          - update
          - patch
          - delete
      - apiGroups:
          - ""
        resources:
          - events
        verbs:
          - create
          - patch
  2: |
    apiVersion: rbac.authorization.k8s.io/v1
    kind: ClusterRole
    metadata:
      labels:
        app.kubernetes.io/instance: RELEASE-NAME
        app.kubernetes.io/managed-by: Helm
        app.kubernetes.io/name: powerdns-operator
        app.kubernetes.io/version: 0.4.2
        helm.sh/chart: powerdns-operator-0.4.2
      name: RELEASE-NAME-powerdns-operator-manager-role
    rules:
      - apiGroups:
          - dns.cav.enablers.ob
        resources:
          - clusterzones
          - clusterrrsets
          - rrsets
          - zones
        verbs:
          - create
          - delete
          - get
          - list
          - patch
          - update
          - watch
      - apiGroups:
          - dns.cav.enablers.ob
        resources:
          - clusterzones/finalizers
          - clusterrrsets/finalizers
          - rrsets/finalizers
          - zones/finalizers
        verbs:
          - update
      - apiGroups:
          - dns.cav.enablers.ob
        resources:
          - clusterzones/status
          - clusterrrsets/status
          - rrsets/status
          - zones/status
        verbs:
          - get
          - patch
          - update
  3: |
    apiVersion: rbac.authorization.k8s.io/v1
    kind: ClusterRole
    metadata:
      labels:
        app.kubernetes.io/instance: RELEASE-NAME
        app.kubernetes.io/managed-by: Helm
        app.kubernetes.io/name: powerdns-operator
        app.kubernetes.io/version: 0.4.2
        helm.sh/chart: powerdns-operator-0.4.2
      name: RELEASE-NAME-powerdns-operator-rrset-editor-role
    rules:
      - apiGroups:
          - dns.cav.enablers.ob
        resources:
          - rrsets
        verbs:
          - create
          - delete
          - get
          - list
          - patch
          - update
          - watch
      - apiGroups:
          - dns.cav.enablers.ob
        resources:
          - rrsets/status
        verbs:
          - get
  4: |
    apiVersion: rbac.authorization.k8s.io/v1
    kind: ClusterRole
    metadata:
      labels:
        app.kubernetes.io/instance: RELEASE-NAME
        app.kubernetes.io/managed-by: Helm
        app.kubernetes.io/name: powerdns-operator
        app.kubernetes.io/version: 0.4.2
        helm.sh/chart: powerdns-operator-0.4.2
        rbac.authorization.k8s.io/aggregate-to-admin: "true"
        rbac.authorization.k8s.io/aggregate-to-edit: "true"
        rbac.authorization.k8s.io/aggregate-to-view: "true"
      name: RELEASE-NAME-powerdns-operator-rrset-viewer-role
    rules:
      - apiGroups:
          - dns.cav.enablers.ob
        resources:
          - rrsets
        verbs:
          - get
          - list
          - watch
      - apiGroups:
          - dns.cav.enablers.ob
        resources:
          - rrsets/status
        verbs:
          - get
  5: |
    apiVersion: rbac.authorization.k8s.io/v1
    kind: ClusterRole
    metadata:
      labels:
        app.kubernetes.io/instance: RELEASE-NAME
        app.kubernetes.io/managed-by: Helm
        app.kubernetes.io/name: powerdns-operator
        app.kubernetes.io/version: 0.4.2
        helm.sh/chart: powerdns-operator-0.4.2
      name: RELEASE-NAME-powerdns-operator-zone-editor-role
    rules:
      - apiGroups:
          - dns.cav.enablers.ob
        resources:
          - zones
        verbs:
          - create
          - delete
          - get
          - list
          - patch
          - update
          - watch
      - apiGroups:
          - dns.cav.enablers.ob
        resources:
          - zones/status
        verbs:
          - get
  6: |
    apiVersion: rbac.authorization.k8s.io/v1
    kind: ClusterRole
    metadata:
      labels:
        app.kubernetes.io/instance: RELEASE-NAME
        app.kubernetes.io/managed-by: Helm
        app.kubernetes.io/name: powerdns-operator
        app.kubernetes.io/version: 0.4.2
        helm.sh/chart: powerdns-operator-0.4.2
      name: RELEASE-NAME-powerdns-operator-zone-viewer-role
    rules:
      - apiGroups:
          - dns.cav.enablers.ob
        resources:
          - zones
        verbs:
          - get
          - list
          - watch
      - apiGroups:
          - dns.cav.enablers.ob
        resources:
          - zones/status
        verbs:
          - get
  7: |
    apiVersion: rbac.authorization.k8s.io/v1
    kind: ClusterRole
    metadata:
      labels:
        app.kubernetes.io/instance: RELEASE-NAME
        app.kubernetes.io/managed-by: Helm
        app.kubernetes.io/name: powerdns-operator
        app.kubernetes.io/version: 0.4.2
        helm.sh/chart: powerdns-operator-0.4.2
      name: RELEASE-NAME-powerdns-operator-clusterzone-editor-role
    rules:
      - apiGroups:
          - dns.cav.enablers.ob
        resources:
          - clusterzones
        verbs:
          - create
          - delete
          - get
          - list
          - patch
          - update
          - watch
      - apiGroups:
          - dns.cav.enablers.ob
        resources:
          - clusterzones/status
        verbs:
          - get
  8: |
    apiVersion: rbac.authorization.k8s.io/v1
    kind: ClusterRole
    metadata:
      labels:
        app.kubernetes.io/instance: RELEASE-NAME
        app.kubernetes.io/managed-by: Helm
        app.kubernetes.io/name: powerdns-operator
        app.kubernetes.io/version: 0.4.2
        helm.sh/chart: powerdns-operator-0.4.2
      name: RELEASE-NAME-powerdns-operator-clusterzone-viewer-role
    rules:
      - apiGroups:
          - dns.cav.enablers.ob
        resources:
          - clusterzones
        verbs:
          - get
          - list
          - watch
      - apiGroups:
          - dns.cav.enablers.ob
        resources:
          - clusterzones/status
        verbs:
          - get
  9: |
    apiVersion: rbac.authorization.k8s.io/v1
    kind: ClusterRole
    metadata:
      labels:
        app.kubernetes.io/instance: RELEASE-NAME
        app.kubernetes.io/managed-by: Helm
        app.kubernetes.io/name: powerdns-operator
        app.kubernetes.io/version: 0.4.2
        helm.sh/chart: powerdns-operator-0.4.2
      name: RELEASE-NAME-powerdns-operator-clusterrrset-editor-role
    rules:
      - apiGroups:
          - dns.cav.enablers.ob
        resources:
          - clusterrrsets
        verbs:
          - create
          - delete
          - get
          - list
          - patch
          - update
          - watch
      - apiGroups:
          - dns.cav.enablers.ob
        resources:
          - clusterrrsets/status
        verbs:
          - get
  10: |
    apiVersion: rbac.authorization.k8s.io/v1
    kind: ClusterRole
    metadata:
      labels:
        app.kubernetes.io/instance: RELEASE-NAME
        app.kubernetes.io/managed-by: Helm
        app.kubernetes.io/name: powerdns-operator
        app.kubernetes.io/version: 0.4.2
        helm.sh/chart: powerdns-operator-0.4.2
      name: RELEASE-NAME-powerdns-operator-clusterrrset-viewer-role
    rules:
      - apiGroups:
          - dns.cav.enablers.ob
        resources:
          - clusterrrsets
        verbs:
          - get
          - list
          - watch
      - apiGroups:
          - dns.cav.enablers.ob
        resources:
          - clusterrrsets/status
        verbs:
          - get
  11: |
    apiVersion: rbac.authorization.k8s.io/v1
    kind: RoleBinding
    metadata:
      labels:
        app.kubernetes.io/instance: RELEASE-NAME
        app.kubernetes.io/managed-by: Helm
        app.kubernetes.io/name: powerdns-operator
        app.kubernetes.io/version: 0.4.2
        helm.sh/chart: powerdns-operator-0.4.2
      name: RELEASE-NAME-powerdns-operator-leader-election-rolebinding
      namespace: NAMESPACE
    roleRef:
      apiGroup: rbac.authorization.k8s.io
      kind: Role
      name: RELEASE-NAME-powerdns-operator-leader-election-role
    subjects:
      - kind: ServiceAccount
        name: RELEASE-NAME-powerdns-operator
        namespace: NAMESPACE
  12: |
    apiVersion: rbac.authorization.k8s.io/v1
    kind: ClusterRoleBinding
    metadata:
      labels:
        app.kubernetes.io/instance: RELEASE-NAME
        app.kubernetes.io/managed-by: Helm
        app.kubernetes.io/name: powerdns-operator
        app.kubernetes.io/version: 0.4.2
        helm.sh/chart: powerdns-operator-0.4.2
      name: RELEASE-NAME-powerdns-operator-manager-rolebinding
    roleRef:
      apiGroup: rbac.authorization.k8s.io
      kind: ClusterRole
      name: RELEASE-NAME-powerdns-operator-manager-role
    subjects:
      - kind: ServiceAccount
        name: RELEASE-NAME-powerdns-operator
        namespace: NAMESPACE
