should match snapshot of default values:
  1: |
    apiVersion: v1
    kind: ServiceAccount
    metadata:
      labels:
        app.kubernetes.io/instance: RELEASE-NAME
        app.kubernetes.io/managed-by: Helm
        app.kubernetes.io/name: powerdns-operator
        app.kubernetes.io/version: 0.3.0
        helm.sh/chart: powerdns-operator-0.3.0
      name: RELEASE-NAME-powerdns-operator
      namespace: NAMESPACE
